// Jest Snapshot v1, https://goo.gl/fbAQLP

exports[`Render CreateCareerModal page 1`] = `<div />`;
